This is sample \\ text. \{$= $}
{$ FOR i 1 10 "DF" $}
 This is {$= i $}-th time this message is generated.
{$ END $}
{$ FOR i 0 10 2 $}
 sin({$= i $}^2) = {$= i i * @sin "0.000\"" @decfmt $}
{$ END $}

{$ FOR ewe_32 1 10 $}
 This is {$= 32 ew3_32 * @sing_22 $}-th time this message is generated.
{$ END $}